2026-08-25T20:50:17.485+0530 [INFO]  Terraform version: 1.15.8
2026-08-25T20:50:17.486+0530 [DEBUG] using github.com/hashicorp/go-tfe v1.105.0
2026-08-25T20:50:17.486+0530 [DEBUG] using github.com/hashicorp/hcl/v2 v2.24.0
2026-08-25T20:50:17.486+0530 [DEBUG] using github.com/hashicorp/terraform-svchost v0.2.1
2026-08-25T20:50:17.486+0530 [DEBUG] using github.com/zclconf/go-cty v1.18.0
2026-08-25T20:50:17.486+0530 [INFO]  Go runtime version: go1.25.10
2026-08-25T20:50:17.486+0530 [INFO]  CLI args: []string{"terraform", "apply"}
2026-08-25T20:50:17.486+0530 [DEBUG] Attempting to open CLI config file: /Users/apple/.terraformrc
2026-08-25T20:50:17.486+0530 [DEBUG] File doesn't exist, but doesn't need to. Ignoring.
2026-08-25T20:50:17.486+0530 [DEBUG] ignoring non-existing provider search directory terraform.d/plugins
2026-08-25T20:50:17.486+0530 [DEBUG] ignoring non-existing provider search directory /Users/apple/.terraform.d/plugins
2026-08-25T20:50:17.486+0530 [DEBUG] ignoring non-existing provider search directory /Users/apple/Library/Application Support/io.terraform/plugins
2026-08-25T20:50:17.486+0530 [DEBUG] ignoring non-existing provider search directory /Library/Application Support/io.terraform/plugins
2026-08-25T20:50:17.486+0530 [INFO]  CLI command args: []string{"apply"}
2026-08-25T20:50:17.880+0530 [DEBUG] checking for provisioner in "."
2026-08-25T20:50:17.880+0530 [DEBUG] checking for provisioner in "/opt/homebrew/bin"
2026-08-25T20:50:17.885+0530 [INFO]  backend/local: starting Apply operation
2026-08-25T20:50:17.888+0530 [DEBUG] ReferenceTransformer: "var.instance_type" references: []
2026-08-25T20:50:17.888+0530 [DEBUG] ReferenceTransformer: "var.ami_id" references: []
2026-08-25T20:50:17.888+0530 [DEBUG] ReferenceTransformer: "var.root_volume_size" references: []
2026-08-25T20:50:17.888+0530 [DEBUG] ReferenceTransformer: "var.instance_name" references: []
2026-08-25T20:50:17.888+0530 [DEBUG] ReferenceTransformer: "var.aws_region" references: []
2026-08-25T20:50:17.888+0530 [DEBUG] Starting graph walk: walkInit
2026-08-25T20:50:17.888+0530 [DEBUG] created provider logger: level=debug
2026-08-25T20:50:17.889+0530 [INFO]  provider: configuring client automatic mTLS
2026-08-25T20:50:17.900+0530 [DEBUG] provider: starting plugin: path=.terraform/providers/registry.terraform.io/hashicorp/aws/5.100.0/darwin_arm64/terraform-provider-aws_v5.100.0_x5 args=[".terraform/providers/registry.terraform.io/hashicorp/aws/5.100.0/darwin_arm64/terraform-provider-aws_v5.100.0_x5"]
2026-08-25T20:50:17.912+0530 [DEBUG] provider: plugin started: path=.terraform/providers/registry.terraform.io/hashicorp/aws/5.100.0/darwin_arm64/terraform-provider-aws_v5.100.0_x5 pid=25413
2026-08-25T20:50:17.913+0530 [DEBUG] provider: waiting for RPC address: plugin=.terraform/providers/registry.terraform.io/hashicorp/aws/5.100.0/darwin_arm64/terraform-provider-aws_v5.100.0_x5
2026-08-25T20:50:18.098+0530 [DEBUG] provider.terraform-provider-aws_v5.100.0_x5: Starting github.com/hashicorp/terraform-provider-aws@5.100.0 (go1.23.10)...
2026-08-25T20:50:18.098+0530 [DEBUG] provider.terraform-provider-aws_v5.100.0_x5: Initializing Terraform AWS Provider...
2026-08-25T20:50:18.143+0530 [INFO]  provider.terraform-provider-aws_v5.100.0_x5: configuring server automatic mTLS: timestamp="2026-08-25T20:50:18.142+0530"
2026-08-25T20:50:18.149+0530 [DEBUG] provider.terraform-provider-aws_v5.100.0_x5: plugin address: address=/var/folders/xv/yxcq6dq57ld3y8l4jsx5ylhc0000gn/T/plugin1148053961 network=unix timestamp="2026-08-25T20:50:18.149+0530"
2026-08-25T20:50:18.150+0530 [DEBUG] provider: using plugin: version=5
2026-08-25T20:50:18.735+0530 [DEBUG] provider.stdio: received EOF, stopping recv loop: err="rpc error: code = Unavailable desc = error reading from server: EOF"
2026-08-25T20:50:18.742+0530 [INFO]  provider: plugin process exited: plugin=.terraform/providers/registry.terraform.io/hashicorp/aws/5.100.0/darwin_arm64/terraform-provider-aws_v5.100.0_x5 id=25413
2026-08-25T20:50:18.742+0530 [DEBUG] provider: plugin exited
2026-08-25T20:50:18.742+0530 [DEBUG] Building and walking validate graph
2026-08-25T20:50:18.743+0530 [DEBUG] ProviderTransformer: "aws_instance.web" (*terraform.NodeValidatableResource) needs provider["registry.terraform.io/hashicorp/aws"]
2026-08-25T20:50:18.743+0530 [DEBUG] ReferenceTransformer: "var.aws_region" references: []
2026-08-25T20:50:18.743+0530 [DEBUG] ReferenceTransformer: "var.instance_type" references: []
2026-08-25T20:50:18.743+0530 [DEBUG] ReferenceTransformer: "var.ami_id" references: []
2026-08-25T20:50:18.743+0530 [DEBUG] ReferenceTransformer: "output.instance_type (expand)" references: [aws_instance.web]
2026-08-25T20:50:18.743+0530 [DEBUG] ReferenceTransformer: "provider[\"registry.terraform.io/hashicorp/aws\"]" references: [var.aws_region]
2026-08-25T20:50:18.744+0530 [DEBUG] ReferenceTransformer: "aws_instance.web" references: [var.instance_name var.ami_id var.instance_type var.root_volume_size]
2026-08-25T20:50:18.744+0530 [DEBUG] ReferenceTransformer: "var.root_volume_size" references: []
2026-08-25T20:50:18.744+0530 [DEBUG] ReferenceTransformer: "var.instance_name" references: []
2026-08-25T20:50:18.744+0530 [DEBUG] ReferenceTransformer: "output.instance_id (expand)" references: [aws_instance.web]
2026-08-25T20:50:18.744+0530 [DEBUG] ReferenceTransformer: "output.instance_public_ip (expand)" references: [aws_instance.web]
2026-08-25T20:50:18.744+0530 [DEBUG] Starting graph walk: walkValidate
2026-08-25T20:50:18.745+0530 [DEBUG] created provider logger: level=debug
2026-08-25T20:50:18.745+0530 [INFO]  provider: configuring client automatic mTLS
2026-08-25T20:50:18.749+0530 [DEBUG] provider: starting plugin: path=.terraform/providers/registry.terraform.io/hashicorp/aws/5.100.0/darwin_arm64/terraform-provider-aws_v5.100.0_x5 args=[".terraform/providers/registry.terraform.io/hashicorp/aws/5.100.0/darwin_arm64/terraform-provider-aws_v5.100.0_x5"]
2026-08-25T20:50:18.759+0530 [DEBUG] provider: plugin started: path=.terraform/providers/registry.terraform.io/hashicorp/aws/5.100.0/darwin_arm64/terraform-provider-aws_v5.100.0_x5 pid=25414
2026-08-25T20:50:18.759+0530 [DEBUG] provider: waiting for RPC address: plugin=.terraform/providers/registry.terraform.io/hashicorp/aws/5.100.0/darwin_arm64/terraform-provider-aws_v5.100.0_x5
2026-08-25T20:50:18.863+0530 [DEBUG] provider.terraform-provider-aws_v5.100.0_x5: Starting github.com/hashicorp/terraform-provider-aws@5.100.0 (go1.23.10)...
2026-08-25T20:50:18.863+0530 [DEBUG] provider.terraform-provider-aws_v5.100.0_x5: Initializing Terraform AWS Provider...
2026-08-25T20:50:18.885+0530 [INFO]  provider.terraform-provider-aws_v5.100.0_x5: configuring server automatic mTLS: timestamp="2026-08-25T20:50:18.885+0530"
2026-08-25T20:50:18.891+0530 [DEBUG] provider: using plugin: version=5
2026-08-25T20:50:18.891+0530 [DEBUG] provider.terraform-provider-aws_v5.100.0_x5: plugin address: address=/var/folders/xv/yxcq6dq57ld3y8l4jsx5ylhc0000gn/T/plugin1671134956 network=unix timestamp="2026-08-25T20:50:18.891+0530"
2026-08-25T20:50:18.968+0530 [DEBUG] provider.stdio: received EOF, stopping recv loop: err="rpc error: code = Unavailable desc = error reading from server: EOF"
2026-08-25T20:50:18.976+0530 [INFO]  provider: plugin process exited: plugin=.terraform/providers/registry.terraform.io/hashicorp/aws/5.100.0/darwin_arm64/terraform-provider-aws_v5.100.0_x5 id=25414
2026-08-25T20:50:18.976+0530 [DEBUG] provider: plugin exited
2026-08-25T20:50:18.976+0530 [INFO]  backend/local: apply calling Plan
2026-08-25T20:50:18.976+0530 [DEBUG] Building and walking plan graph for NormalMode
2026-08-25T20:50:18.977+0530 [DEBUG] ProviderTransformer: "aws_instance.web (expand)" (*terraform.nodeExpandPlannableResource) needs provider["registry.terraform.io/hashicorp/aws"]
2026-08-25T20:50:18.977+0530 [DEBUG] ReferenceTransformer: "provider[\"registry.terraform.io/hashicorp/aws\"]" references: [var.aws_region]
2026-08-25T20:50:18.977+0530 [DEBUG] ReferenceTransformer: "var.ami_id" references: []
2026-08-25T20:50:18.977+0530 [DEBUG] ReferenceTransformer: "var.root_volume_size" references: []
2026-08-25T20:50:18.977+0530 [DEBUG] ReferenceTransformer: "var.instance_name" references: []
2026-08-25T20:50:18.977+0530 [DEBUG] ReferenceTransformer: "aws_instance.web (expand)" references: [var.instance_name var.ami_id var.instance_type var.root_volume_size]
2026-08-25T20:50:18.977+0530 [DEBUG] ReferenceTransformer: "var.aws_region" references: []
2026-08-25T20:50:18.977+0530 [DEBUG] ReferenceTransformer: "var.instance_type" references: []
2026-08-25T20:50:18.977+0530 [DEBUG] ReferenceTransformer: "output.instance_id (expand)" references: [aws_instance.web (expand)]
2026-08-25T20:50:18.977+0530 [DEBUG] ReferenceTransformer: "output.instance_public_ip (expand)" references: [aws_instance.web (expand)]
2026-08-25T20:50:18.977+0530 [DEBUG] ReferenceTransformer: "output.instance_type (expand)" references: [aws_instance.web (expand)]
2026-08-25T20:50:18.977+0530 [DEBUG] Starting graph walk: walkPlan
2026-08-25T20:50:18.977+0530 [DEBUG] created provider logger: level=debug
2026-08-25T20:50:18.977+0530 [INFO]  provider: configuring client automatic mTLS
2026-08-25T20:50:18.980+0530 [DEBUG] provider: starting plugin: path=.terraform/providers/registry.terraform.io/hashicorp/aws/5.100.0/darwin_arm64/terraform-provider-aws_v5.100.0_x5 args=[".terraform/providers/registry.terraform.io/hashicorp/aws/5.100.0/darwin_arm64/terraform-provider-aws_v5.100.0_x5"]
2026-08-25T20:50:18.990+0530 [DEBUG] provider: plugin started: path=.terraform/providers/registry.terraform.io/hashicorp/aws/5.100.0/darwin_arm64/terraform-provider-aws_v5.100.0_x5 pid=25416
2026-08-25T20:50:18.990+0530 [DEBUG] provider: waiting for RPC address: plugin=.terraform/providers/registry.terraform.io/hashicorp/aws/5.100.0/darwin_arm64/terraform-provider-aws_v5.100.0_x5
2026-08-25T20:50:19.094+0530 [DEBUG] provider.terraform-provider-aws_v5.100.0_x5: Starting github.com/hashicorp/terraform-provider-aws@5.100.0 (go1.23.10)...
2026-08-25T20:50:19.094+0530 [DEBUG] provider.terraform-provider-aws_v5.100.0_x5: Initializing Terraform AWS Provider...
2026-08-25T20:50:19.116+0530 [INFO]  provider.terraform-provider-aws_v5.100.0_x5: configuring server automatic mTLS: timestamp="2026-08-25T20:50:19.116+0530"
2026-08-25T20:50:19.123+0530 [DEBUG] provider: using plugin: version=5
2026-08-25T20:50:19.123+0530 [DEBUG] provider.terraform-provider-aws_v5.100.0_x5: plugin address: address=/var/folders/xv/yxcq6dq57ld3y8l4jsx5ylhc0000gn/T/plugin3715877292 network=unix timestamp="2026-08-25T20:50:19.122+0530"
2026-08-25T20:50:19.187+0530 [DEBUG] provider.terraform-provider-aws_v5.100.0_x5: Configuring Terraform AWS Provider: tf_mux_provider="*schema.GRPCProviderServer" tf_req_id=1b18270f-0a65-43ff-2524-3f43fa0dcac0 tf_rpc=ConfigureProvider @caller=github.com/hashicorp/terraform-provider-aws/internal/conns/config.go:144 @module=aws tf_provider_addr=registry.terraform.io/hashicorp/aws timestamp="2026-08-25T20:50:19.187+0530"
2026-08-25T20:50:19.187+0530 [DEBUG] provider.terraform-provider-aws_v5.100.0_x5: Resolving credentials provider: @caller=github.com/hashicorp/aws-sdk-go-base/v2@v2.0.0-beta.65/logging/tf_logger.go:47 @module=aws.aws-base tf_provider_addr=registry.terraform.io/hashicorp/aws tf_req_id=1b18270f-0a65-43ff-2524-3f43fa0dcac0 tf_mux_provider="*schema.GRPCProviderServer" tf_rpc=ConfigureProvider timestamp="2026-08-25T20:50:19.187+0530"
2026-08-25T20:50:19.187+0530 [DEBUG] provider.terraform-provider-aws_v5.100.0_x5: Loading configuration: @module=aws.aws-base tf_provider_addr=registry.terraform.io/hashicorp/aws tf_req_id=1b18270f-0a65-43ff-2524-3f43fa0dcac0 @caller=github.com/hashicorp/aws-sdk-go-base/v2@v2.0.0-beta.65/logging/tf_logger.go:47 tf_mux_provider="*schema.GRPCProviderServer" tf_rpc=ConfigureProvider timestamp="2026-08-25T20:50:19.187+0530"
2026-08-25T20:50:19.189+0530 [DEBUG] provider.terraform-provider-aws_v5.100.0_x5: Retrieving credentials: @caller=github.com/hashicorp/aws-sdk-go-base/v2@v2.0.0-beta.65/logging/tf_logger.go:47 @module=aws.aws-base tf_mux_provider="*schema.GRPCProviderServer" tf_provider_addr=registry.terraform.io/hashicorp/aws tf_req_id=1b18270f-0a65-43ff-2524-3f43fa0dcac0 tf_rpc=ConfigureProvider timestamp="2026-08-25T20:50:19.189+0530"
2026-08-25T20:50:19.190+0530 [INFO]  provider.terraform-provider-aws_v5.100.0_x5: Retrieved credentials: @module=aws.aws-base tf_mux_provider="*schema.GRPCProviderServer" tf_provider_addr=registry.terraform.io/hashicorp/aws tf_req_id=1b18270f-0a65-43ff-2524-3f43fa0dcac0 tf_aws.credentials_source="SharedConfigCredentials: /Users/apple/.aws/credentials" tf_rpc=ConfigureProvider @caller=github.com/hashicorp/aws-sdk-go-base/v2@v2.0.0-beta.65/logging/tf_logger.go:39 timestamp="2026-08-25T20:50:19.189+0530"
2026-08-25T20:50:19.190+0530 [DEBUG] provider.terraform-provider-aws_v5.100.0_x5: Loading configuration: @caller=github.com/hashicorp/aws-sdk-go-base/v2@v2.0.0-beta.65/logging/tf_logger.go:47 @module=aws.aws-base tf_provider_addr=registry.terraform.io/hashicorp/aws tf_req_id=1b18270f-0a65-43ff-2524-3f43fa0dcac0 tf_mux_provider="*schema.GRPCProviderServer" tf_rpc=ConfigureProvider timestamp="2026-08-25T20:50:19.189+0530"
2026-08-25T20:50:19.190+0530 [DEBUG] provider.terraform-provider-aws_v5.100.0_x5: Creating AWS SDK v1 session: @caller=github.com/hashicorp/terraform-provider-aws/internal/conns/config.go:168 @module=aws tf_provider_addr=registry.terraform.io/hashicorp/aws tf_rpc=ConfigureProvider tf_mux_provider="*schema.GRPCProviderServer" tf_req_id=1b18270f-0a65-43ff-2524-3f43fa0dcac0 timestamp="2026-08-25T20:50:19.190+0530"
2026-08-25T20:50:19.190+0530 [DEBUG] provider.terraform-provider-aws_v5.100.0_x5: Retrieving AWS account details: @caller=github.com/hashicorp/terraform-provider-aws/internal/conns/config.go:183 tf_mux_provider="*schema.GRPCProviderServer" tf_provider_addr=registry.terraform.io/hashicorp/aws tf_req_id=1b18270f-0a65-43ff-2524-3f43fa0dcac0 @module=aws tf_rpc=ConfigureProvider timestamp="2026-08-25T20:50:19.190+0530"
2026-08-25T20:50:19.190+0530 [DEBUG] provider.terraform-provider-aws_v5.100.0_x5: Retrieving caller identity from STS: tf_mux_provider="*schema.GRPCProviderServer" tf_rpc=ConfigureProvider @module=aws.aws-base tf_provider_addr=registry.terraform.io/hashicorp/aws tf_req_id=1b18270f-0a65-43ff-2524-3f43fa0dcac0 @caller=github.com/hashicorp/aws-sdk-go-base/v2@v2.0.0-beta.65/logging/tf_logger.go:47 timestamp="2026-08-25T20:50:19.190+0530"
2026-08-25T20:50:19.191+0530 [DEBUG] provider.terraform-provider-aws_v5.100.0_x5: HTTP Request Sent: http.request.header.amz_sdk_invocation_id=2f7fd1cf-5b6d-4598-9b12-105b51180238 net.peer.name=sts.us-east-1.amazonaws.com rpc.service=STS rpc.system=aws-api tf_aws.sdk=aws-sdk-go-v2 http.request.header.amz_sdk_request="attempt=1; max=25" http.request_content_length=43 http.user_agent="APN/1.0 HashiCorp/1.0 Terraform/1.15.8 (+https://www.terraform.io) terraform-provider-aws/5.100.0 (+https://registry.terraform.io/providers/hashicorp/aws) aws-sdk-go-v2/1.36.3 ua/2.1 os/macos lang/go#1.23.10 md/GOOS#darwin md/GOARCH#arm64 api/sts#1.33.20 m/n" tf_aws.signing_region="" tf_mux_provider="*schema.GRPCProviderServer" tf_provider_addr=registry.terraform.io/hashicorp/aws aws.region=us-east-1 http.request.header.x_amz_date=20260825T152019Z http.url=https://sts.us-east-1.amazonaws.com/ tf_req_id=1b18270f-0a65-43ff-2524-3f43fa0dcac0 tf_rpc=ConfigureProvider @module=aws.aws-base http.method=POST http.request.header.authorization="AWS4-HMAC-SHA256 Credential=AKIA************BHMD/20260825/us-east-1/sts/aws4_request, SignedHeaders=amz-sdk-invocation-id;amz-sdk-request;content-length;content-type;host;x-amz-date, Signature=*****" http.request.header.content_type=application/x-www-form-urlencoded rpc.method=GetCallerIdentity @caller=github.com/hashicorp/aws-sdk-go-base/v2@v2.0.0-beta.65/logging/tf_logger.go:47
  http.request.body=
  | Action=GetCallerIdentity&Version=2011-06-15
   timestamp="2026-08-25T20:50:19.191+0530"
2026-08-25T20:50:26.635+0530 [DEBUG] provider.terraform-provider-aws_v5.100.0_x5: HTTP Response Received: aws.region=us-east-1 http.duration=7443
  http.response.body=
  | <GetCallerIdentityResponse xmlns="https://sts.amazonaws.com/doc/2011-06-15/">
  |   <GetCallerIdentityResult>
  |     <Arn>arn:aws:iam::617163373173:user/dev_swaroopa_tf</Arn>
  |     <UserId>AIDA*************JXM7</UserId>
  |     <Account>617163373173</Account>
  |   </GetCallerIdentityResult>
  |   <ResponseMetadata>
  |     <RequestId>ac48b569-5fb6-47ea-964e-deb75906fd46</RequestId>
  |   </ResponseMetadata>
  | </GetCallerIdentityResponse>
   http.response.header.content_type=text/xml http.response.header.date="Tue, 25 Aug 2026 15:20:26 GMT" http.response_content_length=412 tf_aws.sdk=aws-sdk-go-v2 http.response.header.x_amzn_requestid=ac48b569-5fb6-47ea-964e-deb75906fd46 tf_aws.signing_region="" tf_provider_addr=registry.terraform.io/hashicorp/aws @caller=github.com/hashicorp/aws-sdk-go-base/v2@v2.0.0-beta.65/logging/tf_logger.go:47 http.response.header.x_amz_sts_extended_request_id=MTp1cy1lYXN0LTE6UzoxNzg3NjcxMjI2NTIwOlI6ZHhPNmFrOFk= rpc.system=aws-api tf_req_id=1b18270f-0a65-43ff-2524-3f43fa0dcac0 tf_rpc=ConfigureProvider @module=aws.aws-base http.status_code=200 rpc.method=GetCallerIdentity rpc.service=STS tf_mux_provider="*schema.GRPCProviderServer" timestamp="2026-08-25T20:50:26.635+0530"
2026-08-25T20:50:26.635+0530 [INFO]  provider.terraform-provider-aws_v5.100.0_x5: Retrieved caller identity from STS: tf_mux_provider="*schema.GRPCProviderServer" tf_rpc=ConfigureProvider @caller=github.com/hashicorp/aws-sdk-go-base/v2@v2.0.0-beta.65/logging/tf_logger.go:39 @module=aws.aws-base tf_provider_addr=registry.terraform.io/hashicorp/aws tf_req_id=1b18270f-0a65-43ff-2524-3f43fa0dcac0 timestamp="2026-08-25T20:50:26.635+0530"
2026-08-25T20:50:26.638+0530 [DEBUG] Resource instance state not found for node "aws_instance.web", instance aws_instance.web
2026-08-25T20:50:26.638+0530 [DEBUG] ReferenceTransformer: "aws_instance.web" references: []
2026-08-25T20:50:26.639+0530 [DEBUG] refresh: aws_instance.web: no state, so not refreshing
2026-08-25T20:50:26.657+0530 [WARN]  Provider "registry.terraform.io/hashicorp/aws" produced an invalid plan for aws_instance.web, but we are tolerating it because it is using the legacy plugin SDK.
    The following problems may be the cause of any confusing errors from downstream operations:
      - .source_dest_check: planned value cty.True for a non-computed attribute
      - .get_password_data: planned value cty.False for a non-computed attribute
      - .user_data_replace_on_change: planned value cty.False for a non-computed attribute
      - .ebs_block_device: attribute representing nested block must not be unknown itself; set nested attribute values to unknown instead
      - .ephemeral_block_device: attribute representing nested block must not be unknown itself; set nested attribute values to unknown instead
      - .instance_market_options: attribute representing nested block must not be unknown itself; set nested attribute values to unknown instead
      - .maintenance_options: attribute representing nested block must not be unknown itself; set nested attribute values to unknown instead
      - .enclave_options: attribute representing nested block must not be unknown itself; set nested attribute values to unknown instead
      - .metadata_options: attribute representing nested block must not be unknown itself; set nested attribute values to unknown instead
      - .network_interface: attribute representing nested block must not be unknown itself; set nested attribute values to unknown instead
      - .private_dns_name_options: attribute representing nested block must not be unknown itself; set nested attribute values to unknown instead
      - .root_block_device[0].delete_on_termination: planned value cty.True for a non-computed attribute
      - .capacity_reservation_specification: attribute representing nested block must not be unknown itself; set nested attribute values to unknown instead
      - .cpu_options: attribute representing nested block must not be unknown itself; set nested attribute values to unknown instead
2026-08-25T20:50:26.658+0530 [DEBUG] provider.stdio: received EOF, stopping recv loop: err="rpc error: code = Unavailable desc = error reading from server: EOF"
2026-08-25T20:50:26.664+0530 [INFO]  provider: plugin process exited: plugin=.terraform/providers/registry.terraform.io/hashicorp/aws/5.100.0/darwin_arm64/terraform-provider-aws_v5.100.0_x5 id=25416
2026-08-25T20:50:26.664+0530 [DEBUG] provider: plugin exited
2026-08-25T20:50:26.664+0530 [DEBUG] building apply graph to check for errors
2026-08-25T20:50:26.665+0530 [DEBUG] Resource state not found for node "aws_instance.web", instance aws_instance.web
2026-08-25T20:50:26.665+0530 [DEBUG] ProviderTransformer: "aws_instance.web (expand)" (*terraform.nodeExpandApplyableResource) needs provider["registry.terraform.io/hashicorp/aws"]
2026-08-25T20:50:26.665+0530 [DEBUG] ProviderTransformer: "aws_instance.web" (*terraform.NodeApplyableResourceInstance) needs provider["registry.terraform.io/hashicorp/aws"]
2026-08-25T20:50:26.665+0530 [DEBUG] ReferenceTransformer: "output.instance_public_ip (expand)" references: [aws_instance.web aws_instance.web aws_instance.web (expand)]
2026-08-25T20:50:26.665+0530 [DEBUG] ReferenceTransformer: "aws_instance.web" references: [var.instance_type var.instance_name var.ami_id var.root_volume_size]
2026-08-25T20:50:26.665+0530 [DEBUG] ReferenceTransformer: "provider[\"registry.terraform.io/hashicorp/aws\"]" references: [var.aws_region]
2026-08-25T20:50:26.665+0530 [DEBUG] ReferenceTransformer: "aws_instance.web (expand)" references: [var.instance_name var.ami_id var.instance_type var.root_volume_size]
2026-08-25T20:50:26.665+0530 [DEBUG] ReferenceTransformer: "var.instance_type" references: []
2026-08-25T20:50:26.665+0530 [DEBUG] ReferenceTransformer: "var.ami_id" references: []
2026-08-25T20:50:26.665+0530 [DEBUG] ReferenceTransformer: "output.instance_id (expand)" references: [aws_instance.web aws_instance.web aws_instance.web (expand)]
2026-08-25T20:50:26.665+0530 [DEBUG] ReferenceTransformer: "output.instance_type (expand)" references: [aws_instance.web aws_instance.web aws_instance.web (expand)]
2026-08-25T20:50:26.665+0530 [DEBUG] ReferenceTransformer: "var.root_volume_size" references: []
2026-08-25T20:50:26.665+0530 [DEBUG] ReferenceTransformer: "var.instance_name" references: []
2026-08-25T20:50:26.665+0530 [DEBUG] ReferenceTransformer: "var.aws_region" references: []

Terraform used the selected providers to generate the following execution
plan. Resource actions are indicated with the following symbols:
  [32m+[0m create[0m

Terraform will perform the following actions:

[1m  # aws_instance.web[0m will be created
[0m  [32m+[0m[0m resource "aws_instance" "web" {
      [32m+[0m[0m ami                                  = "ami-0ac7b260cf76d8865"
      [32m+[0m[0m arn                                  = (known after apply)
      [32m+[0m[0m associate_public_ip_address          = (known after apply)
      [32m+[0m[0m availability_zone                    = (known after apply)
      [32m+[0m[0m cpu_core_count                       = (known after apply)
      [32m+[0m[0m cpu_threads_per_core                 = (known after apply)
      [32m+[0m[0m disable_api_stop                     = (known after apply)
      [32m+[0m[0m disable_api_termination              = (known after apply)
      [32m+[0m[0m ebs_optimized                        = (known after apply)
      [32m+[0m[0m enable_primary_ipv6                  = (known after apply)
      [32m+[0m[0m get_password_data                    = false
      [32m+[0m[0m host_id                              = (known after apply)
      [32m+[0m[0m host_resource_group_arn              = (known after apply)
      [32m+[0m[0m iam_instance_profile                 = (known after apply)
      [32m+[0m[0m id                                   = (known after apply)
      [32m+[0m[0m instance_initiated_shutdown_behavior = (known after apply)
      [32m+[0m[0m instance_lifecycle                   = (known after apply)
      [32m+[0m[0m instance_state                       = (known after apply)
      [32m+[0m[0m instance_type                        = "t2.micro"
      [32m+[0m[0m ipv6_address_count                   = (known after apply)
      [32m+[0m[0m ipv6_addresses                       = (known after apply)
      [32m+[0m[0m key_name                             = (known after apply)
      [32m+[0m[0m monitoring                           = (known after apply)
      [32m+[0m[0m outpost_arn                          = (known after apply)
      [32m+[0m[0m password_data                        = (known after apply)
      [32m+[0m[0m placement_group                      = (known after apply)
      [32m+[0m[0m placement_partition_number           = (known after apply)
      [32m+[0m[0m primary_network_interface_id         = (known after apply)
      [32m+[0m[0m private_dns                          = (known after apply)
      [32m+[0m[0m private_ip                           = (known after apply)
      [32m+[0m[0m public_dns                           = (known after apply)
      [32m+[0m[0m public_ip                            = (known after apply)
      [32m+[0m[0m secondary_private_ips                = (known after apply)
      [32m+[0m[0m security_groups                      = (known after apply)
      [32m+[0m[0m source_dest_check                    = true
      [32m+[0m[0m spot_instance_request_id             = (known after apply)
      [32m+[0m[0m subnet_id                            = (known after apply)
      [32m+[0m[0m tags                                 = {
          [32m+[0m[0m "Name" = "my-web-server"
        }
      [32m+[0m[0m tags_all                             = {
          [32m+[0m[0m "Name" = "my-web-server"
        }
      [32m+[0m[0m tenancy                              = (known after apply)
      [32m+[0m[0m user_data                            = (known after apply)
      [32m+[0m[0m user_data_base64                     = (known after apply)
      [32m+[0m[0m user_data_replace_on_change          = false
      [32m+[0m[0m vpc_security_group_ids               = (known after apply)

      [32m+[0m[0m capacity_reservation_specification (known after apply)

      [32m+[0m[0m cpu_options (known after apply)

      [32m+[0m[0m ebs_block_device (known after apply)

      [32m+[0m[0m enclave_options (known after apply)

      [32m+[0m[0m ephemeral_block_device (known after apply)

      [32m+[0m[0m instance_market_options (known after apply)

      [32m+[0m[0m maintenance_options (known after apply)

      [32m+[0m[0m metadata_options (known after apply)

      [32m+[0m[0m network_interface (known after apply)

      [32m+[0m[0m private_dns_name_options (known after apply)

      [32m+[0m[0m root_block_device {
          [32m+[0m[0m delete_on_termination = true
          [32m+[0m[0m device_name           = (known after apply)
          [32m+[0m[0m encrypted             = (known after apply)
          [32m+[0m[0m iops                  = (known after apply)
          [32m+[0m[0m kms_key_id            = (known after apply)
          [32m+[0m[0m tags_all              = (known after apply)
          [32m+[0m[0m throughput            = (known after apply)
          [32m+[0m[0m volume_id             = (known after apply)
          [32m+[0m[0m volume_size           = 20
          [32m+[0m[0m volume_type           = "gp3"
        }
    }

[1mPlan:[0m [0m1 to add, 0 to change, 0 to destroy.

Changes to Outputs:
  [32m+[0m[0m instance_id        = (known after apply)
  [32m+[0m[0m instance_public_ip = (known after apply)
2026-08-25T20:50:26.751+0530 [DEBUG] command: asking for input: "\nDo you want to perform these actions?"
[0m[1m
Do you want to perform these actions?[0m
  Terraform will perform the actions described above.
  Only 'yes' will be accepted to approve.

  [1mEnter a value:[0m [0m
2026-08-25T20:51:07.522+0530 [INFO]  backend/local: apply calling Apply
2026-08-25T20:51:07.522+0530 [DEBUG] Building and walking apply graph for NormalMode plan
2026-08-25T20:51:07.524+0530 [DEBUG] Resource state not found for node "aws_instance.web", instance aws_instance.web
2026-08-25T20:51:07.524+0530 [DEBUG] ProviderTransformer: "aws_instance.web (expand)" (*terraform.nodeExpandApplyableResource) needs provider["registry.terraform.io/hashicorp/aws"]
2026-08-25T20:51:07.524+0530 [DEBUG] ProviderTransformer: "aws_instance.web" (*terraform.NodeApplyableResourceInstance) needs provider["registry.terraform.io/hashicorp/aws"]
2026-08-25T20:51:07.524+0530 [DEBUG] ReferenceTransformer: "aws_instance.web (expand)" references: [var.instance_type var.instance_name var.ami_id var.root_volume_size]
2026-08-25T20:51:07.524+0530 [DEBUG] ReferenceTransformer: "var.instance_type" references: []
2026-08-25T20:51:07.524+0530 [DEBUG] ReferenceTransformer: "var.root_volume_size" references: []
2026-08-25T20:51:07.524+0530 [DEBUG] ReferenceTransformer: "var.instance_name" references: []
2026-08-25T20:51:07.524+0530 [DEBUG] ReferenceTransformer: "output.instance_id (expand)" references: [aws_instance.web (expand) aws_instance.web aws_instance.web]
2026-08-25T20:51:07.524+0530 [DEBUG] ReferenceTransformer: "output.instance_public_ip (expand)" references: [aws_instance.web (expand) aws_instance.web aws_instance.web]
2026-08-25T20:51:07.525+0530 [DEBUG] ReferenceTransformer: "output.instance_type (expand)" references: [aws_instance.web (expand) aws_instance.web aws_instance.web]
2026-08-25T20:51:07.525+0530 [DEBUG] ReferenceTransformer: "aws_instance.web" references: [var.instance_type var.instance_name var.ami_id var.root_volume_size]
2026-08-25T20:51:07.525+0530 [DEBUG] ReferenceTransformer: "var.aws_region" references: []
2026-08-25T20:51:07.525+0530 [DEBUG] ReferenceTransformer: "var.ami_id" references: []
2026-08-25T20:51:07.525+0530 [DEBUG] ReferenceTransformer: "provider[\"registry.terraform.io/hashicorp/aws\"]" references: [var.aws_region]
2026-08-25T20:51:07.525+0530 [DEBUG] Starting graph walk: walkApply
2026-08-25T20:51:07.526+0530 [DEBUG] created provider logger: level=debug
2026-08-25T20:51:07.526+0530 [INFO]  provider: configuring client automatic mTLS
2026-08-25T20:51:07.533+0530 [DEBUG] provider: starting plugin: path=.terraform/providers/registry.terraform.io/hashicorp/aws/5.100.0/darwin_arm64/terraform-provider-aws_v5.100.0_x5 args=[".terraform/providers/registry.terraform.io/hashicorp/aws/5.100.0/darwin_arm64/terraform-provider-aws_v5.100.0_x5"]
2026-08-25T20:51:07.555+0530 [DEBUG] provider: plugin started: path=.terraform/providers/registry.terraform.io/hashicorp/aws/5.100.0/darwin_arm64/terraform-provider-aws_v5.100.0_x5 pid=25827
2026-08-25T20:51:07.555+0530 [DEBUG] provider: waiting for RPC address: plugin=.terraform/providers/registry.terraform.io/hashicorp/aws/5.100.0/darwin_arm64/terraform-provider-aws_v5.100.0_x5
2026-08-25T20:51:07.766+0530 [DEBUG] provider.terraform-provider-aws_v5.100.0_x5: Starting github.com/hashicorp/terraform-provider-aws@5.100.0 (go1.23.10)...
2026-08-25T20:51:07.766+0530 [DEBUG] provider.terraform-provider-aws_v5.100.0_x5: Initializing Terraform AWS Provider...
2026-08-25T20:51:07.857+0530 [INFO]  provider.terraform-provider-aws_v5.100.0_x5: configuring server automatic mTLS: timestamp="2026-08-25T20:51:07.856+0530"
2026-08-25T20:51:07.864+0530 [DEBUG] provider.terraform-provider-aws_v5.100.0_x5: plugin address: address=/var/folders/xv/yxcq6dq57ld3y8l4jsx5ylhc0000gn/T/plugin3497079794 network=unix timestamp="2026-08-25T20:51:07.864+0530"
2026-08-25T20:51:07.864+0530 [DEBUG] provider: using plugin: version=5
2026-08-25T20:51:07.938+0530 [DEBUG] provider.terraform-provider-aws_v5.100.0_x5: Configuring Terraform AWS Provider: @caller=github.com/hashicorp/terraform-provider-aws/internal/conns/config.go:144 @module=aws tf_req_id=7784b7a1-21a8-62b9-5594-e33b9b7f1bab tf_rpc=ConfigureProvider tf_mux_provider="*schema.GRPCProviderServer" tf_provider_addr=registry.terraform.io/hashicorp/aws timestamp="2026-08-25T20:51:07.938+0530"
2026-08-25T20:51:07.938+0530 [DEBUG] provider.terraform-provider-aws_v5.100.0_x5: Resolving credentials provider: @caller=github.com/hashicorp/aws-sdk-go-base/v2@v2.0.0-beta.65/logging/tf_logger.go:47 @module=aws.aws-base tf_mux_provider="*schema.GRPCProviderServer" tf_provider_addr=registry.terraform.io/hashicorp/aws tf_req_id=7784b7a1-21a8-62b9-5594-e33b9b7f1bab tf_rpc=ConfigureProvider timestamp="2026-08-25T20:51:07.938+0530"
2026-08-25T20:51:07.939+0530 [DEBUG] provider.terraform-provider-aws_v5.100.0_x5: Loading configuration: @module=aws.aws-base tf_provider_addr=registry.terraform.io/hashicorp/aws tf_req_id=7784b7a1-21a8-62b9-5594-e33b9b7f1bab tf_rpc=ConfigureProvider tf_mux_provider="*schema.GRPCProviderServer" @caller=github.com/hashicorp/aws-sdk-go-base/v2@v2.0.0-beta.65/logging/tf_logger.go:47 timestamp="2026-08-25T20:51:07.939+0530"
2026-08-25T20:51:07.941+0530 [DEBUG] provider.terraform-provider-aws_v5.100.0_x5: Retrieving credentials: tf_req_id=7784b7a1-21a8-62b9-5594-e33b9b7f1bab @caller=github.com/hashicorp/aws-sdk-go-base/v2@v2.0.0-beta.65/logging/tf_logger.go:47 @module=aws.aws-base tf_provider_addr=registry.terraform.io/hashicorp/aws tf_rpc=ConfigureProvider tf_mux_provider="*schema.GRPCProviderServer" timestamp="2026-08-25T20:51:07.941+0530"
2026-08-25T20:51:07.941+0530 [INFO]  provider.terraform-provider-aws_v5.100.0_x5: Retrieved credentials: tf_provider_addr=registry.terraform.io/hashicorp/aws @module=aws.aws-base tf_mux_provider="*schema.GRPCProviderServer" tf_req_id=7784b7a1-21a8-62b9-5594-e33b9b7f1bab tf_rpc=ConfigureProvider @caller=github.com/hashicorp/aws-sdk-go-base/v2@v2.0.0-beta.65/logging/tf_logger.go:39 tf_aws.credentials_source="SharedConfigCredentials: /Users/apple/.aws/credentials" timestamp="2026-08-25T20:51:07.941+0530"
2026-08-25T20:51:07.941+0530 [DEBUG] provider.terraform-provider-aws_v5.100.0_x5: Loading configuration: tf_provider_addr=registry.terraform.io/hashicorp/aws tf_req_id=7784b7a1-21a8-62b9-5594-e33b9b7f1bab tf_rpc=ConfigureProvider @module=aws.aws-base tf_mux_provider="*schema.GRPCProviderServer" @caller=github.com/hashicorp/aws-sdk-go-base/v2@v2.0.0-beta.65/logging/tf_logger.go:47 timestamp="2026-08-25T20:51:07.941+0530"
2026-08-25T20:51:07.941+0530 [DEBUG] provider.terraform-provider-aws_v5.100.0_x5: Creating AWS SDK v1 session: tf_rpc=ConfigureProvider @module=aws tf_mux_provider="*schema.GRPCProviderServer" tf_provider_addr=registry.terraform.io/hashicorp/aws tf_req_id=7784b7a1-21a8-62b9-5594-e33b9b7f1bab @caller=github.com/hashicorp/terraform-provider-aws/internal/conns/config.go:168 timestamp="2026-08-25T20:51:07.941+0530"
2026-08-25T20:51:07.941+0530 [DEBUG] provider.terraform-provider-aws_v5.100.0_x5: Retrieving AWS account details: @module=aws tf_mux_provider="*schema.GRPCProviderServer" tf_provider_addr=registry.terraform.io/hashicorp/aws tf_rpc=ConfigureProvider @caller=github.com/hashicorp/terraform-provider-aws/internal/conns/config.go:183 tf_req_id=7784b7a1-21a8-62b9-5594-e33b9b7f1bab timestamp="2026-08-25T20:51:07.941+0530"
2026-08-25T20:51:07.941+0530 [DEBUG] provider.terraform-provider-aws_v5.100.0_x5: Retrieving caller identity from STS: tf_mux_provider="*schema.GRPCProviderServer" tf_req_id=7784b7a1-21a8-62b9-5594-e33b9b7f1bab tf_rpc=ConfigureProvider @caller=github.com/hashicorp/aws-sdk-go-base/v2@v2.0.0-beta.65/logging/tf_logger.go:47 @module=aws.aws-base tf_provider_addr=registry.terraform.io/hashicorp/aws timestamp="2026-08-25T20:51:07.941+0530"
2026-08-25T20:51:07.944+0530 [DEBUG] provider.terraform-provider-aws_v5.100.0_x5: HTTP Request Sent: rpc.method=GetCallerIdentity tf_provider_addr=registry.terraform.io/hashicorp/aws tf_rpc=ConfigureProvider @module=aws.aws-base http.method=POST http.request.header.authorization="AWS4-HMAC-SHA256 Credential=AKIA************BHMD/20260825/us-east-1/sts/aws4_request, SignedHeaders=amz-sdk-invocation-id;amz-sdk-request;content-length;content-type;host;x-amz-date, Signature=*****" net.peer.name=sts.us-east-1.amazonaws.com rpc.service=STS tf_aws.signing_region="" http.request.header.amz_sdk_request="attempt=1; max=25" http.request_content_length=43 rpc.system=aws-api tf_mux_provider="*schema.GRPCProviderServer" tf_req_id=7784b7a1-21a8-62b9-5594-e33b9b7f1bab aws.region=us-east-1
  http.request.body=
  | Action=GetCallerIdentity&Version=2011-06-15
   http.request.header.amz_sdk_invocation_id=2c1d331c-ce47-451a-b904-5cc9d6aba2d7 http.request.header.x_amz_date=20260825T152107Z http.user_agent="APN/1.0 HashiCorp/1.0 Terraform/1.15.8 (+https://www.terraform.io) terraform-provider-aws/5.100.0 (+https://registry.terraform.io/providers/hashicorp/aws) aws-sdk-go-v2/1.36.3 ua/2.1 os/macos lang/go#1.23.10 md/GOOS#darwin md/GOARCH#arm64 api/sts#1.33.20 m/n" tf_aws.sdk=aws-sdk-go-v2 @caller=github.com/hashicorp/aws-sdk-go-base/v2@v2.0.0-beta.65/logging/tf_logger.go:47 http.request.header.content_type=application/x-www-form-urlencoded http.url=https://sts.us-east-1.amazonaws.com/ timestamp="2026-08-25T20:51:07.944+0530"
2026-08-25T20:51:09.107+0530 [DEBUG] provider.terraform-provider-aws_v5.100.0_x5: HTTP Response Received: tf_provider_addr=registry.terraform.io/hashicorp/aws http.response.header.content_type=text/xml http.response.header.x_amz_sts_extended_request_id=MTp1cy1lYXN0LTE6UzoxNzg3NjcxMjY4OTEwOlI6V0dDV3g3aTM= tf_aws.sdk=aws-sdk-go-v2 tf_req_id=7784b7a1-21a8-62b9-5594-e33b9b7f1bab tf_mux_provider="*schema.GRPCProviderServer" tf_rpc=ConfigureProvider @module=aws.aws-base
  http.response.body=
  | <GetCallerIdentityResponse xmlns="https://sts.amazonaws.com/doc/2011-06-15/">
  |   <GetCallerIdentityResult>
  |     <Arn>arn:aws:iam::617163373173:user/dev_swaroopa_tf</Arn>
  |     <UserId>AIDA*************JXM7</UserId>
  |     <Account>617163373173</Account>
  |   </GetCallerIdentityResult>
  |   <ResponseMetadata>
  |     <RequestId>090a535a-7b55-4efd-a3ae-d0ddbc03a8be</RequestId>
  |   </ResponseMetadata>
  | </GetCallerIdentityResponse>
   http.response.header.x_amzn_requestid=090a535a-7b55-4efd-a3ae-d0ddbc03a8be http.response_content_length=412 rpc.method=GetCallerIdentity rpc.service=STS @caller=github.com/hashicorp/aws-sdk-go-base/v2@v2.0.0-beta.65/logging/tf_logger.go:47 aws.region=us-east-1 http.duration=1161 http.response.header.date="Tue, 25 Aug 2026 15:21:08 GMT" http.status_code=200 rpc.system=aws-api tf_aws.signing_region="" timestamp="2026-08-25T20:51:09.106+0530"
2026-08-25T20:51:09.109+0530 [INFO]  provider.terraform-provider-aws_v5.100.0_x5: Retrieved caller identity from STS: @caller=github.com/hashicorp/aws-sdk-go-base/v2@v2.0.0-beta.65/logging/tf_logger.go:39 tf_mux_provider="*schema.GRPCProviderServer" tf_provider_addr=registry.terraform.io/hashicorp/aws tf_rpc=ConfigureProvider @module=aws.aws-base tf_req_id=7784b7a1-21a8-62b9-5594-e33b9b7f1bab timestamp="2026-08-25T20:51:09.108+0530"
2026-08-25T20:51:09.179+0530 [WARN]  Provider "registry.terraform.io/hashicorp/aws" produced an invalid plan for aws_instance.web, but we are tolerating it because it is using the legacy plugin SDK.
    The following problems may be the cause of any confusing errors from downstream operations:
      - .user_data_replace_on_change: planned value cty.False for a non-computed attribute
      - .source_dest_check: planned value cty.True for a non-computed attribute
      - .get_password_data: planned value cty.False for a non-computed attribute
      - .cpu_options: attribute representing nested block must not be unknown itself; set nested attribute values to unknown instead
      - .ebs_block_device: attribute representing nested block must not be unknown itself; set nested attribute values to unknown instead
      - .ephemeral_block_device: attribute representing nested block must not be unknown itself; set nested attribute values to unknown instead
      - .instance_market_options: attribute representing nested block must not be unknown itself; set nested attribute values to unknown instead
      - .maintenance_options: attribute representing nested block must not be unknown itself; set nested attribute values to unknown instead
      - .enclave_options: attribute representing nested block must not be unknown itself; set nested attribute values to unknown instead
      - .metadata_options: attribute representing nested block must not be unknown itself; set nested attribute values to unknown instead
      - .network_interface: attribute representing nested block must not be unknown itself; set nested attribute values to unknown instead
      - .private_dns_name_options: attribute representing nested block must not be unknown itself; set nested attribute values to unknown instead
      - .root_block_device[0].delete_on_termination: planned value cty.True for a non-computed attribute
      - .capacity_reservation_specification: attribute representing nested block must not be unknown itself; set nested attribute values to unknown instead
[0m[1maws_instance.web: Creating...[0m[0m
2026-08-25T20:51:09.180+0530 [INFO]  Starting apply for aws_instance.web
2026-08-25T20:51:09.181+0530 [DEBUG] aws_instance.web: applying the planned Create change
2026-08-25T20:51:09.182+0530 [DEBUG] provider.terraform-provider-aws_v5.100.0_x5: [DEBUG] setting computed for "ipv6_addresses" from ComputedKeys
2026-08-25T20:51:09.182+0530 [DEBUG] provider.terraform-provider-aws_v5.100.0_x5: [DEBUG] setting computed for "enclave_options" from ComputedKeys
2026-08-25T20:51:09.182+0530 [DEBUG] provider.terraform-provider-aws_v5.100.0_x5: [DEBUG] setting computed for "metadata_options" from ComputedKeys
2026-08-25T20:51:09.182+0530 [DEBUG] provider.terraform-provider-aws_v5.100.0_x5: [DEBUG] setting computed for "capacity_reservation_specification" from ComputedKeys
2026-08-25T20:51:09.182+0530 [DEBUG] provider.terraform-provider-aws_v5.100.0_x5: [DEBUG] setting computed for "vpc_security_group_ids" from ComputedKeys
2026-08-25T20:51:09.182+0530 [DEBUG] provider.terraform-provider-aws_v5.100.0_x5: [DEBUG] setting computed for "ephemeral_block_device" from ComputedKeys
2026-08-25T20:51:09.182+0530 [DEBUG] provider.terraform-provider-aws_v5.100.0_x5: [DEBUG] setting computed for "cpu_options" from ComputedKeys
2026-08-25T20:51:09.182+0530 [DEBUG] provider.terraform-provider-aws_v5.100.0_x5: [DEBUG] setting computed for "maintenance_options" from ComputedKeys
2026-08-25T20:51:09.182+0530 [DEBUG] provider.terraform-provider-aws_v5.100.0_x5: [DEBUG] setting computed for "network_interface" from ComputedKeys
2026-08-25T20:51:09.182+0530 [DEBUG] provider.terraform-provider-aws_v5.100.0_x5: [DEBUG] setting computed for "private_dns_name_options" from ComputedKeys
2026-08-25T20:51:09.182+0530 [DEBUG] provider.terraform-provider-aws_v5.100.0_x5: [DEBUG] setting computed for "security_groups" from ComputedKeys
2026-08-25T20:51:09.182+0530 [DEBUG] provider.terraform-provider-aws_v5.100.0_x5: [DEBUG] setting computed for "network_interface" from ComputedKeys
2026-08-25T20:51:09.182+0530 [DEBUG] provider.terraform-provider-aws_v5.100.0_x5: [DEBUG] setting computed for "root_block_device.0.tags_all" from ComputedKeys
2026-08-25T20:51:09.182+0530 [DEBUG] provider.terraform-provider-aws_v5.100.0_x5: [DEBUG] setting computed for "root_block_device.0.tags_all" from ComputedKeys
2026-08-25T20:51:09.182+0530 [DEBUG] provider.terraform-provider-aws_v5.100.0_x5: [DEBUG] setting computed for "secondary_private_ips" from ComputedKeys
2026-08-25T20:51:09.182+0530 [DEBUG] provider.terraform-provider-aws_v5.100.0_x5: [DEBUG] setting computed for "ebs_block_device" from ComputedKeys
2026-08-25T20:51:09.182+0530 [DEBUG] provider.terraform-provider-aws_v5.100.0_x5: [DEBUG] setting computed for "instance_market_options" from ComputedKeys
2026-08-25T20:51:09.184+0530 [DEBUG] provider.terraform-provider-aws_v5.100.0_x5: HTTP Request Sent: http.method=POST http.request.header.authorization="AWS4-HMAC-SHA256 Credential=AKIA************BHMD/20260825/us-east-1/ec2/aws4_request, SignedHeaders=amz-sdk-invocation-id;amz-sdk-request;content-length;content-type;host;x-amz-date, Signature=*****" http.request_content_length=72 tf_req_id=eb1e3cdc-c87c-cd82-71d1-4090d58aca92 http.request.header.amz_sdk_request="attempt=1; max=25" http.request.header.content_type=application/x-www-form-urlencoded http.user_agent="APN/1.0 HashiCorp/1.0 Terraform/1.15.8 (+https://www.terraform.io) terraform-provider-aws/5.100.0 (+https://registry.terraform.io/providers/hashicorp/aws) aws-sdk-go-v2/1.36.3 ua/2.1 os/macos lang/go#1.23.10 md/GOOS#darwin md/GOARCH#arm64 api/ec2#1.224.1 m/C,n" rpc.method=DescribeImages tf_provider_addr=registry.terraform.io/hashicorp/aws tf_resource_type=aws_instance @caller=github.com/hashicorp/aws-sdk-go-base/v2@v2.0.0-beta.65/logging/tf_logger.go:45 aws.region=us-east-1
  http.request.body=
  | Action=DescribeImages&ImageId.1=ami-0ac7b260cf76d8865&Version=2016-11-15
   http.request.header.x_amz_date=20260825T152109Z net.peer.name=ec2.us-east-1.amazonaws.com tf_aws.sdk=aws-sdk-go-v2 tf_rpc=ApplyResourceChange @module=aws http.request.header.amz_sdk_invocation_id=a6999b6f-af58-402f-a506-36cd73b14daa http.url=https://ec2.us-east-1.amazonaws.com/ rpc.service=EC2 rpc.system=aws-api tf_aws.signing_region="" tf_mux_provider="*schema.GRPCProviderServer" timestamp="2026-08-25T20:51:09.184+0530"
2026-08-25T20:51:10.678+0530 [DEBUG] provider.terraform-provider-aws_v5.100.0_x5: HTTP Response Received: @caller=github.com/hashicorp/aws-sdk-go-base/v2@v2.0.0-beta.65/logging/tf_logger.go:45
  http.response.body=
  | <?xml version="1.0" encoding="UTF-8"?>
  | <Response><Errors><Error><Code>InvalidAMIID.NotFound</Code><Message>The image id '[ami-0ac7b260cf76d8865]' does not exist</Message></Error></Errors><RequestID>e97564cf-c18e-4c37-b2d9-95cc6ec35dba</RequestID></Response>
   http.response.header.strict_transport_security="max-age=31536000; includeSubDomains" http.response.header.vary=accept-encoding http.response.header.x_amzn_requestid=e97564cf-c18e-4c37-b2d9-95cc6ec35dba http.status_code=400 @module=aws http.response.header.server=AmazonEC2 rpc.method=DescribeImages rpc.service=EC2 tf_aws.sdk=aws-sdk-go-v2 tf_aws.signing_region="" tf_req_id=eb1e3cdc-c87c-cd82-71d1-4090d58aca92 tf_rpc=ApplyResourceChange aws.region=us-east-1 rpc.system=aws-api tf_provider_addr=registry.terraform.io/hashicorp/aws tf_resource_type=aws_instance http.duration=1489 http.response.header.cache_control="no-cache, no-store" http.response.header.content_type=text/xml;charset=UTF-8 http.response.header.date="Tue, 25 Aug 2026 15:21:10 GMT" tf_mux_provider="*schema.GRPCProviderServer" timestamp="2026-08-25T20:51:10.677+0530"
2026-08-25T20:51:10.680+0530 [DEBUG] provider.terraform-provider-aws_v5.100.0_x5: request failed with unretryable error https response error StatusCode: 400, RequestID: e97564cf-c18e-4c37-b2d9-95cc6ec35dba, api error InvalidAMIID.NotFound: The image id '[ami-0ac7b260cf76d8865]' does not exist: @caller=github.com/hashicorp/aws-sdk-go-base/v2@v2.0.0-beta.65/logging/tf_logger.go:45 rpc.method=DescribeImages tf_aws.sdk=aws-sdk-go-v2 tf_req_id=eb1e3cdc-c87c-cd82-71d1-4090d58aca92 tf_rpc=ApplyResourceChange @module=aws rpc.service=EC2 tf_resource_type=aws_instance aws.region=us-east-1 tf_mux_provider="*schema.GRPCProviderServer" tf_provider_addr=registry.terraform.io/hashicorp/aws rpc.system=aws-api timestamp="2026-08-25T20:51:10.679+0530"
2026-08-25T20:51:10.680+0530 [ERROR] provider.terraform-provider-aws_v5.100.0_x5: Response contains error diagnostic: tf_resource_type=aws_instance diagnostic_detail="" tf_proto_version=5.8 tf_rpc=ApplyResourceChange @caller=github.com/hashicorp/terraform-plugin-go@v0.26.0/tfprotov5/internal/diag/diagnostics.go:58 @module=sdk.proto diagnostic_severity=ERROR diagnostic_summary="collecting instance settings: couldn't find resource" tf_provider_addr=registry.terraform.io/hashicorp/aws tf_req_id=eb1e3cdc-c87c-cd82-71d1-4090d58aca92 timestamp="2026-08-25T20:51:10.680+0530"
2026-08-25T20:51:10.691+0530 [DEBUG] State storage *statemgr.Filesystem declined to persist a state snapshot
2026-08-25T20:51:10.691+0530 [ERROR] vertex "aws_instance.web" error: collecting instance settings: couldn't find resource
[31m╷[0m[0m
[31m│[0m [0m[1m[31mError: [0m[0m[1mcollecting instance settings: couldn't find resource[0m
[31m│[0m [0m
[31m│[0m [0m[0m  with aws_instance.web,
[31m│[0m [0m  on main.tf line 1, in resource "aws_instance" "web":
[31m│[0m [0m   1: resource "aws_instance" "web" [4m{[0m[0m
[31m│[0m [0m
[31m╵[0m[0m
2026-08-25T20:51:10.703+0530 [DEBUG] provider.stdio: received EOF, stopping recv loop: err="rpc error: code = Unavailable desc = error reading from server: EOF"
2026-08-25T20:51:10.717+0530 [INFO]  provider: plugin process exited: plugin=.terraform/providers/registry.terraform.io/hashicorp/aws/5.100.0/darwin_arm64/terraform-provider-aws_v5.100.0_x5 id=25827
2026-08-25T20:51:10.717+0530 [DEBUG] provider: plugin exited
